// Jest Snapshot v1, https://goo.gl/fbAQLP

exports[`elm-snapshot-test 1`] = `
Object {
  "\\"Aged Brie\\", 0, 0": "[Item \\"Aged Brie\\" -1 2]",
  "\\"Aged Brie\\", 0, 1": "[Item \\"Aged Brie\\" -1 3]",
  "\\"Backstage passes to a TAFKAL80ETC concert\\", 0, 0": "[Item \\"Backstage passes to a TAFKAL80ETC concert\\" -1 0]",
  "\\"Backstage passes to a TAFKAL80ETC concert\\", 0, 1": "[Item \\"Backstage passes to a TAFKAL80ETC concert\\" -1 0]",
  "\\"Not a special item\\", 0, 0": "[Item \\"Not a special item\\" -1 0]",
  "\\"Not a special item\\", 0, 1": "[Item \\"Not a special item\\" -1 0]",
  "\\"Sulfuras, Hand of Ragnaros\\", 0, 0": "[Item \\"Sulfuras, Hand of Ragnaros\\" 0 0]",
  "\\"Sulfuras, Hand of Ragnaros\\", 0, 1": "[Item \\"Sulfuras, Hand of Ragnaros\\" 0 1]",
}
`;
